<html>
<body>
<pre>
<h1>µVision Build Log</h1>
<h2>Tool Versions:</h2>
IDE-Version: ¦ÌVision V5.15
Copyright (C) 2015 ARM Ltd and ARM Germany GmbH. All rights reserved.
License Information: H H, H, LIC=EPP74-FRRH2-AUI4J-USP4X-M13VU-TZP4G
 
Tool Versions:
Toolchain:       MDK-ARM Professional  Version: 5.15.0
Toolchain Path:  C:\Keil_v5\ARM\ARMCC\Bin
C Compiler:      Armcc.exe V5.05 update 2 (build 169)
Assembler:       Armasm.exe V5.05 update 2 (build 169)
Linker/Locator:  ArmLink.exe V5.05 update 2 (build 169)
Library Manager: ArmAr.exe V5.05 update 2 (build 169)
Hex Converter:   FromElf.exe V5.05 update 2 (build 169)
CPU DLL:         SARMCM3.DLL V5.15.0
Dialog DLL:      DCM.DLL V1.13.2.0
Target DLL:      CMSIS_AGDI.dll V1.21.12.0
Dialog DLL:      TCM.DLL V1.14.5.0
 
<h2>Project:</h2>
E:\myWorkSpace\NoRTOS-OLED-DHT11-W25Q64\Project\RVMDK£¨uv5£©\BH-F103.uvprojx
Project File Date:  06/14/2020

<h2>Output:</h2>
*** Using Compiler 'V5.05 update 2 (build 169)', folder: 'C:\Keil_v5\ARM\ARMCC\Bin'
Build target 'SPI FLASH'
compiling bsp_rtc.c...
..\..\User\rtc\bsp_rtc.c(457): warning:  #177-D: variable "FirstDisplay" was declared but never referenced
           static uint32_t FirstDisplay = 1;
..\..\User\rtc\bsp_rtc.c(459): warning:  #177-D: variable "str" was declared but never referenced
           uint8_t str[200]; // ?Ö·û´??Ý´?      
..\..\User\rtc\bsp_rtc.c: 2 warnings, 0 errors
linking...
Program Size: Code=14934 RO-data=2526 RW-data=344 ZI-data=1568  
FromELF: creating hex file...
"..\..\Output\SPI_FLASH.axf" - 0 Error(s), 2 Warning(s).

<h2>Collection of Component include folders:</h2>
  E:\myWorkSpace\NoRTOS-OLED-DHT11-W25Q64\Project\RVMDK£¨uv5£©\RTE
  C:\Keil_v5\ARM\PACK\Keil\STM32F1xx_DFP\1.1.0\Device\Include

<h2>Collection of Component Files used:</h2>
</pre>
</body>
</html>
