<html>
<body>
<pre>
<h1>µVision Build Log</h1>
<h2>Tool Versions:</h2>
IDE-Version: ¦ÌVision V5.15
Copyright (C) 2015 ARM Ltd and ARM Germany GmbH. All rights reserved.
License Information: H H, H, LIC=EPP74-FRRH2-AUI4J-USP4X-M13VU-TZP4G
 
Tool Versions:
Toolchain:       MDK-ARM Professional  Version: 5.15.0
Toolchain Path:  C:\Keil_v5\ARM\ARMCC\Bin
C Compiler:      Armcc.exe V5.05 update 2 (build 169)
Assembler:       Armasm.exe V5.05 update 2 (build 169)
Linker/Locator:  ArmLink.exe V5.05 update 2 (build 169)
Library Manager: ArmAr.exe V5.05 update 2 (build 169)
Hex Converter:   FromElf.exe V5.05 update 2 (build 169)
CPU DLL:         SARMCM3.DLL V5.15.0
Dialog DLL:      DCM.DLL V1.13.2.0
Target DLL:      CMSIS_AGDI.dll V1.21.12.0
Dialog DLL:      TCM.DLL V1.14.5.0
 
<h2>Project:</h2>
H:\myWorkSpace\base_FreeRTOS_stm32f103\project\base_cm3.uvprojx
Project File Date:  01/12/2020

<h2>Output:</h2>
*** Using Compiler 'V5.05 update 2 (build 169)', folder: 'C:\Keil_v5\ARM\ARMCC\Bin'
Rebuild target 'Target 1'
assembling startup_stm32f10x_hd.s...
compiling core_cm3.c...
compiling system_stm32f10x.c...
compiling misc.c...
compiling stm32f10x_adc.c...
compiling stm32f10x_bkp.c...
compiling stm32f10x_can.c...
compiling stm32f10x_cec.c...
compiling stm32f10x_crc.c...
compiling stm32f10x_dac.c...
compiling stm32f10x_dbgmcu.c...
compiling stm32f10x_dma.c...
compiling stm32f10x_exti.c...
compiling stm32f10x_flash.c...
compiling stm32f10x_fsmc.c...
compiling stm32f10x_gpio.c...
compiling stm32f10x_i2c.c...
compiling stm32f10x_iwdg.c...
compiling stm32f10x_pwr.c...
compiling stm32f10x_rcc.c...
compiling stm32f10x_rtc.c...
compiling stm32f10x_sdio.c...
compiling stm32f10x_spi.c...
compiling stm32f10x_tim.c...
compiling stm32f10x_usart.c...
compiling stm32f10x_wwdg.c...
compiling main.c...
..\user\main.c(22): warning:  #550-D: variable "xReturn" was set but never used
        BaseType_t xReturn =pdPASS;
..\user\main.c(18): warning:  #177-D: variable "LED2_Task_Handle" was declared but never referenced
  static TaskHandle_t LED2_Task_Handle = NULL;
..\user\main.c: 2 warnings, 0 errors
compiling stm32f10x_it.c...
compiling bsp_led.c...
compiling bsp_usart.c...
compiling port.c...
..\FreeRTOS_v9\port\RVDS\ARM_CM3\port.c(646): warning:  #550-D: variable "ucCurrentPriority" was set but never used
        uint8_t ucCurrentPriority;
..\FreeRTOS_v9\port\RVDS\ARM_CM3\port.c(207): warning:  #550-D: variable "ucMaxSysCallPriority" was set but never used
         static uint8_t ucMaxSysCallPriority = 0;
..\FreeRTOS_v9\port\RVDS\ARM_CM3\port.c: 2 warnings, 0 errors
compiling heap_4.c...
compiling croutine.c...
compiling event_groups.c...
compiling list.c...
compiling queue.c...
compiling tasks.c...
compiling timers.c...
linking...
Program Size: Code=4872 RO-data=336 RW-data=148 ZI-data=38628  
".\Objects\base_cm3.axf" - 0 Error(s), 4 Warning(s).

<h2>Collection of Component include folders:</h2>
  H:\myWorkSpace\base_FreeRTOS_stm32f103\project\RTE
  C:\Keil_v5\ARM\PACK\Keil\STM32F1xx_DFP\1.1.0\Device\Include

<h2>Collection of Component Files used:</h2>
</pre>
</body>
</html>
